<?php return array (
  0 => 'Symfony\\Bundle\\FrameworkBundle\\Controller\\AbstractController',
  1 => 'App\\Controller\\CommentaireRecController',
  2 => 'App\\Controller\\PdfController',
  3 => 'App\\Controller\\ReclamationController',
  4 => 'App\\Controller\\RemotePdfController',
  5 => 'App\\Entity\\CommentaireRec',
  6 => 'App\\Entity\\Reclamation',
  7 => 'App\\Entity\\Utilisateur',
  8 => 'Doctrine\\Bundle\\DoctrineBundle\\Controller\\ProfilerController',
  9 => 'Doctrine\\ORM\\Cache\\Persister\\Entity\\AbstractEntityPersister',
  10 => 'Doctrine\\ORM\\Cache\\Persister\\Entity\\CachedEntityPersister',
  11 => 'Doctrine\\ORM\\Cache\\Persister\\Entity\\NonStrictReadWriteCachedEntityPersister',
  12 => 'Doctrine\\ORM\\Cache\\Persister\\Entity\\ReadOnlyCachedEntityPersister',
  13 => 'Doctrine\\ORM\\Cache\\Persister\\Entity\\ReadWriteCachedEntityPersister',
  14 => 'Doctrine\\ORM\\Persisters\\Entity\\AbstractEntityInheritancePersister',
  15 => 'Doctrine\\ORM\\Persisters\\Entity\\BasicEntityPersister',
  16 => 'Doctrine\\ORM\\Persisters\\Entity\\CachedPersisterContext',
  17 => 'Doctrine\\ORM\\Persisters\\Entity\\EntityPersister',
  18 => 'Doctrine\\ORM\\Persisters\\Entity\\JoinedSubclassPersister',
  19 => 'Doctrine\\ORM\\Persisters\\Entity\\SingleTablePersister',
  21 => 'Symfony\\Bundle\\FrameworkBundle\\Controller\\ControllerResolver',
  22 => 'Symfony\\Bundle\\FrameworkBundle\\Controller\\RedirectController',
  23 => 'Symfony\\Bundle\\FrameworkBundle\\Controller\\TemplateController',
  24 => 'Symfony\\Bundle\\WebProfilerBundle\\Controller\\ExceptionPanelController',
  25 => 'Symfony\\Bundle\\WebProfilerBundle\\Controller\\ProfilerController',
  26 => 'Symfony\\Bundle\\WebProfilerBundle\\Controller\\RouterController',
  27 => 'Symfony\\Component\\HttpKernel\\Controller\\ArgumentResolver',
  28 => 'Symfony\\Component\\HttpKernel\\Controller\\ArgumentResolverInterface',
  29 => 'Symfony\\Component\\HttpKernel\\Controller\\ArgumentResolver\\DefaultValueResolver',
  30 => 'Symfony\\Component\\HttpKernel\\Controller\\ArgumentResolver\\NotTaggedControllerValueResolver',
  31 => 'Symfony\\Component\\HttpKernel\\Controller\\ArgumentResolver\\RequestAttributeValueResolver',
  32 => 'Symfony\\Component\\HttpKernel\\Controller\\ArgumentResolver\\RequestValueResolver',
  33 => 'Symfony\\Component\\HttpKernel\\Controller\\ArgumentResolver\\ServiceValueResolver',
  34 => 'Symfony\\Component\\HttpKernel\\Controller\\ArgumentResolver\\SessionValueResolver',
  35 => 'Symfony\\Component\\HttpKernel\\Controller\\ArgumentResolver\\TraceableValueResolver',
  36 => 'Symfony\\Component\\HttpKernel\\Controller\\ArgumentResolver\\VariadicValueResolver',
  37 => 'Symfony\\Component\\HttpKernel\\Controller\\ArgumentValueResolverInterface',
  38 => 'Symfony\\Component\\HttpKernel\\Controller\\ContainerControllerResolver',
  39 => 'Symfony\\Component\\HttpKernel\\Controller\\ControllerReference',
  40 => 'Symfony\\Component\\HttpKernel\\Controller\\ControllerResolver',
  41 => 'Symfony\\Component\\HttpKernel\\Controller\\ControllerResolverInterface',
  42 => 'Symfony\\Component\\HttpKernel\\Controller\\ErrorController',
  43 => 'Symfony\\Component\\HttpKernel\\Controller\\TraceableArgumentResolver',
  44 => 'Symfony\\Component\\HttpKernel\\Controller\\TraceableControllerResolver',
  45 => 'Symfony\\Component\\Security\\Http\\Controller\\UserValueResolver',
  46 => 'Twilio\\Rest\\Verify\\V2\\Service\\Entity\\ChallengeContext',
  47 => 'Twilio\\Rest\\Verify\\V2\\Service\\Entity\\ChallengeInstance',
  48 => 'Twilio\\Rest\\Verify\\V2\\Service\\Entity\\ChallengeList',
  49 => 'Twilio\\Rest\\Verify\\V2\\Service\\Entity\\ChallengeOptions',
  50 => 'Twilio\\Rest\\Verify\\V2\\Service\\Entity\\ChallengePage',
  51 => 'Twilio\\Rest\\Verify\\V2\\Service\\Entity\\Challenge\\NotificationInstance',
  52 => 'Twilio\\Rest\\Verify\\V2\\Service\\Entity\\Challenge\\NotificationList',
  53 => 'Twilio\\Rest\\Verify\\V2\\Service\\Entity\\Challenge\\NotificationOptions',
  54 => 'Twilio\\Rest\\Verify\\V2\\Service\\Entity\\Challenge\\NotificationPage',
  55 => 'Twilio\\Rest\\Verify\\V2\\Service\\Entity\\FactorContext',
  56 => 'Twilio\\Rest\\Verify\\V2\\Service\\Entity\\FactorInstance',
  57 => 'Twilio\\Rest\\Verify\\V2\\Service\\Entity\\FactorList',
  58 => 'Twilio\\Rest\\Verify\\V2\\Service\\Entity\\FactorOptions',
  59 => 'Twilio\\Rest\\Verify\\V2\\Service\\Entity\\FactorPage',
  60 => 'Twilio\\Rest\\Verify\\V2\\Service\\Entity\\NewFactorInstance',
  61 => 'Twilio\\Rest\\Verify\\V2\\Service\\Entity\\NewFactorList',
  62 => 'Twilio\\Rest\\Verify\\V2\\Service\\Entity\\NewFactorOptions',
  63 => 'Twilio\\Rest\\Verify\\V2\\Service\\Entity\\NewFactorPage',
);